current directory: /home/shaswat/repo/github/stremio-youtube-addon/.gems/gems/psych-5.3.1/ext/psych
/nix/store/kj9xkgqsiz5h24k2f947z3p6h3mcn2hc-ruby-3.3.10/bin/ruby extconf.rb
checking for pkg-config for yaml-0.1... not found
checking for yaml.h... no
yaml.h not found
*** extconf.rb failed ***
Could not create Makefile due to some reason, probably lack of necessary
libraries and/or headers.  Check the mkmf.log file for more details.  You may
need configuration options.

Provided configuration options:
	--with-opt-dir
	--without-opt-dir
	--with-opt-include=${opt-dir}/include
	--without-opt-include
	--with-opt-lib=${opt-dir}/lib
	--without-opt-lib
	--with-make-prog
	--without-make-prog
	--srcdir=.
	--curdir
	--ruby=/nix/store/kj9xkgqsiz5h24k2f947z3p6h3mcn2hc-ruby-3.3.10/bin/$(RUBY_BASE_NAME)
	--with-libyaml-source-dir
	--without-libyaml-source-dir
	--with-yaml-0.1-dir
	--without-yaml-0.1-dir
	--with-yaml-0.1-include=${yaml-0.1-dir}/include
	--without-yaml-0.1-include
	--with-yaml-0.1-lib=${yaml-0.1-dir}/lib
	--without-yaml-0.1-lib
	--with-yaml-0.1-config
	--without-yaml-0.1-config
	--with-pkg-config
	--without-pkg-config
	--with-libyaml-dir
	--without-libyaml-dir
	--with-libyaml-include=${libyaml-dir}/include
	--without-libyaml-include
	--with-libyaml-lib=${libyaml-dir}/lib
	--without-libyaml-lib

To see why this extension failed to compile, please check the mkmf.log which can be found here:

  /home/shaswat/repo/github/stremio-youtube-addon/.gems/extensions/x86_64-linux/3.3.0/psych-5.3.1/mkmf.log

extconf failed, exit code 1
