have_func: checking for fdatasync() in unistd.h... -------------------- yes

LD_LIBRARY_PATH=.:/nix/store/kj9xkgqsiz5h24k2f947z3p6h3mcn2hc-ruby-3.3.10/lib:/etc/sane-libs:/nix/store/qnamc978gh40gj3zl1s4yyk2xlhkiskl-pipewire-1.4.9-jack/lib "gcc -o conftest -I/nix/store/kj9xkgqsiz5h24k2f947z3p6h3mcn2hc-ruby-3.3.10/include/ruby-3.3.0/x86_64-linux -I/nix/store/kj9xkgqsiz5h24k2f947z3p6h3mcn2hc-ruby-3.3.10/include/ruby-3.3.0/ruby/backward -I/nix/store/kj9xkgqsiz5h24k2f947z3p6h3mcn2hc-ruby-3.3.10/include/ruby-3.3.0 -I.    -O3 -fPIC conftest.c  -L. -L/nix/store/kj9xkgqsiz5h24k2f947z3p6h3mcn2hc-ruby-3.3.10/lib -Wl,-rpath,/nix/store/kj9xkgqsiz5h24k2f947z3p6h3mcn2hc-ruby-3.3.10/lib -L. -fstack-protector-strong -rdynamic -Wl,-export-dynamic -Wl,--no-as-needed     -Wl,-rpath,/nix/store/kj9xkgqsiz5h24k2f947z3p6h3mcn2hc-ruby-3.3.10/lib -L/nix/store/kj9xkgqsiz5h24k2f947z3p6h3mcn2hc-ruby-3.3.10/lib -lruby-3.3.10  -lm -lpthread  -lc"
checked program was:
/* begin */
1: #include "ruby.h"
2: 
3: int main(int argc, char **argv)
4: {
5:   return !!argv[argc];
6: }
/* end */

LD_LIBRARY_PATH=.:/nix/store/kj9xkgqsiz5h24k2f947z3p6h3mcn2hc-ruby-3.3.10/lib:/etc/sane-libs:/nix/store/qnamc978gh40gj3zl1s4yyk2xlhkiskl-pipewire-1.4.9-jack/lib "gcc -o conftest -I/nix/store/kj9xkgqsiz5h24k2f947z3p6h3mcn2hc-ruby-3.3.10/include/ruby-3.3.0/x86_64-linux -I/nix/store/kj9xkgqsiz5h24k2f947z3p6h3mcn2hc-ruby-3.3.10/include/ruby-3.3.0/ruby/backward -I/nix/store/kj9xkgqsiz5h24k2f947z3p6h3mcn2hc-ruby-3.3.10/include/ruby-3.3.0 -I.    -O3 -fPIC conftest.c  -L. -L/nix/store/kj9xkgqsiz5h24k2f947z3p6h3mcn2hc-ruby-3.3.10/lib -Wl,-rpath,/nix/store/kj9xkgqsiz5h24k2f947z3p6h3mcn2hc-ruby-3.3.10/lib -L. -fstack-protector-strong -rdynamic -Wl,-export-dynamic -Wl,--no-as-needed     -Wl,-rpath,/nix/store/kj9xkgqsiz5h24k2f947z3p6h3mcn2hc-ruby-3.3.10/lib -L/nix/store/kj9xkgqsiz5h24k2f947z3p6h3mcn2hc-ruby-3.3.10/lib -lruby-3.3.10  -lm -lpthread  -lc"
checked program was:
/* begin */
 1: #include "ruby.h"
 2: 
 3: #include <unistd.h>
 4: 
 5: /*top*/
 6: extern int t(void);
 7: int main(int argc, char **argv)
 8: {
 9:   if (argc > 1000000) {
10:     int (* volatile tp)(void)=(int (*)(void))&t;
11:     printf("%d", (*tp)());
12:   }
13: 
14:   return !!argv[argc];
15: }
16: int t(void) { void ((*volatile p)()); p = (void ((*)()))fdatasync; return !p; }
/* end */

--------------------

have_func: checking for fstatat() in sys/stat.h... -------------------- yes

LD_LIBRARY_PATH=.:/nix/store/kj9xkgqsiz5h24k2f947z3p6h3mcn2hc-ruby-3.3.10/lib:/etc/sane-libs:/nix/store/qnamc978gh40gj3zl1s4yyk2xlhkiskl-pipewire-1.4.9-jack/lib "gcc -o conftest -I/nix/store/kj9xkgqsiz5h24k2f947z3p6h3mcn2hc-ruby-3.3.10/include/ruby-3.3.0/x86_64-linux -I/nix/store/kj9xkgqsiz5h24k2f947z3p6h3mcn2hc-ruby-3.3.10/include/ruby-3.3.0/ruby/backward -I/nix/store/kj9xkgqsiz5h24k2f947z3p6h3mcn2hc-ruby-3.3.10/include/ruby-3.3.0 -I.    -O3 -fPIC conftest.c  -L. -L/nix/store/kj9xkgqsiz5h24k2f947z3p6h3mcn2hc-ruby-3.3.10/lib -Wl,-rpath,/nix/store/kj9xkgqsiz5h24k2f947z3p6h3mcn2hc-ruby-3.3.10/lib -L. -fstack-protector-strong -rdynamic -Wl,-export-dynamic -Wl,--no-as-needed     -Wl,-rpath,/nix/store/kj9xkgqsiz5h24k2f947z3p6h3mcn2hc-ruby-3.3.10/lib -L/nix/store/kj9xkgqsiz5h24k2f947z3p6h3mcn2hc-ruby-3.3.10/lib -lruby-3.3.10  -lm -lpthread  -lc"
checked program was:
/* begin */
 1: #include "ruby.h"
 2: 
 3: #include <sys/stat.h>
 4: 
 5: /*top*/
 6: extern int t(void);
 7: int main(int argc, char **argv)
 8: {
 9:   if (argc > 1000000) {
10:     int (* volatile tp)(void)=(int (*)(void))&t;
11:     printf("%d", (*tp)());
12:   }
13: 
14:   return !!argv[argc];
15: }
16: int t(void) { void ((*volatile p)()); p = (void ((*)()))fstatat; return !p; }
/* end */

--------------------

append_cppflags: checking for whether -D_GNU_SOURCE is accepted as CPPFLAGS... -------------------- yes

LD_LIBRARY_PATH=.:/nix/store/kj9xkgqsiz5h24k2f947z3p6h3mcn2hc-ruby-3.3.10/lib:/etc/sane-libs:/nix/store/qnamc978gh40gj3zl1s4yyk2xlhkiskl-pipewire-1.4.9-jack/lib "gcc -I/nix/store/kj9xkgqsiz5h24k2f947z3p6h3mcn2hc-ruby-3.3.10/include/ruby-3.3.0/x86_64-linux -I/nix/store/kj9xkgqsiz5h24k2f947z3p6h3mcn2hc-ruby-3.3.10/include/ruby-3.3.0/ruby/backward -I/nix/store/kj9xkgqsiz5h24k2f947z3p6h3mcn2hc-ruby-3.3.10/include/ruby-3.3.0 -I.    -O3 -fPIC  -D_GNU_SOURCE -Werror -c conftest.c"
checked program was:
/* begin */
1: #include "ruby.h"
2: 
3: int main(int argc, char **argv)
4: {
5:   return !!argv[argc];
6: }
/* end */

--------------------

append_cflags: checking for whether -O3 is accepted as CFLAGS... -------------------- yes

LD_LIBRARY_PATH=.:/nix/store/kj9xkgqsiz5h24k2f947z3p6h3mcn2hc-ruby-3.3.10/lib:/etc/sane-libs:/nix/store/qnamc978gh40gj3zl1s4yyk2xlhkiskl-pipewire-1.4.9-jack/lib "gcc -I/nix/store/kj9xkgqsiz5h24k2f947z3p6h3mcn2hc-ruby-3.3.10/include/ruby-3.3.0/x86_64-linux -I/nix/store/kj9xkgqsiz5h24k2f947z3p6h3mcn2hc-ruby-3.3.10/include/ruby-3.3.0/ruby/backward -I/nix/store/kj9xkgqsiz5h24k2f947z3p6h3mcn2hc-ruby-3.3.10/include/ruby-3.3.0 -I.    -D_GNU_SOURCE -O3 -fPIC  -O3 -Werror -c conftest.c"
checked program was:
/* begin */
1: #include "ruby.h"
2: 
3: int main(int argc, char **argv)
4: {
5:   return !!argv[argc];
6: }
/* end */

--------------------

append_cflags: checking for whether -std=c99 is accepted as CFLAGS... -------------------- yes

LD_LIBRARY_PATH=.:/nix/store/kj9xkgqsiz5h24k2f947z3p6h3mcn2hc-ruby-3.3.10/lib:/etc/sane-libs:/nix/store/qnamc978gh40gj3zl1s4yyk2xlhkiskl-pipewire-1.4.9-jack/lib "gcc -I/nix/store/kj9xkgqsiz5h24k2f947z3p6h3mcn2hc-ruby-3.3.10/include/ruby-3.3.0/x86_64-linux -I/nix/store/kj9xkgqsiz5h24k2f947z3p6h3mcn2hc-ruby-3.3.10/include/ruby-3.3.0/ruby/backward -I/nix/store/kj9xkgqsiz5h24k2f947z3p6h3mcn2hc-ruby-3.3.10/include/ruby-3.3.0 -I.    -D_GNU_SOURCE -O3 -fPIC -O3  -std=c99 -Werror -c conftest.c"
checked program was:
/* begin */
1: #include "ruby.h"
2: 
3: int main(int argc, char **argv)
4: {
5:   return !!argv[argc];
6: }
/* end */

--------------------

