current directory: /home/shaswat/repo/github/stremio-youtube-addon/.gems/ruby/3.3.0/gems/io-console-0.8.2/ext/io/console
/nix/store/kj9xkgqsiz5h24k2f947z3p6h3mcn2hc-ruby-3.3.10/bin/ruby extconf.rb
checking for rb_syserr_fail_str(0, Qnil)... yes
checking for rb_interned_str_cstr()... yes
checking for rb_io_path() in ruby/io.h... yes
checking for rb_io_descriptor() in ruby/io.h... yes
checking for rb_io_get_write_io() in ruby/io.h... yes
checking for rb_io_closed_p() in ruby/io.h... yes
checking for rb_io_open_descriptor() in ruby/io.h... yes
checking for rb_ractor_local_storage_value_newkey()... yes
checking for termios.h... yes
checking for cfmakeraw() in termios.h... yes
checking for sys/ioctl.h... yes
checking for HAVE_RUBY_FIBER_SCHEDULER_H... yes
checking for ttyname_r()... yes
creating Makefile

current directory: /home/shaswat/repo/github/stremio-youtube-addon/.gems/ruby/3.3.0/gems/io-console-0.8.2/ext/io/console
make DESTDIR\= sitearchdir\=./.gem.20260519-38356-nont2w sitelibdir\=./.gem.20260519-38356-nont2w clean

current directory: /home/shaswat/repo/github/stremio-youtube-addon/.gems/ruby/3.3.0/gems/io-console-0.8.2/ext/io/console
make DESTDIR\= sitearchdir\=./.gem.20260519-38356-nont2w sitelibdir\=./.gem.20260519-38356-nont2w
compiling console.c
linking shared-object io/console.so

current directory: /home/shaswat/repo/github/stremio-youtube-addon/.gems/ruby/3.3.0/gems/io-console-0.8.2/ext/io/console
make DESTDIR\= sitearchdir\=./.gem.20260519-38356-nont2w sitelibdir\=./.gem.20260519-38356-nont2w install
install -c -p -m 755 console.so ./.gem.20260519-38356-nont2w/io

current directory: /home/shaswat/repo/github/stremio-youtube-addon/.gems/ruby/3.3.0/gems/io-console-0.8.2/ext/io/console
make DESTDIR\= sitearchdir\=./.gem.20260519-38356-nont2w sitelibdir\=./.gem.20260519-38356-nont2w clean
