find_header: checking for prism.h in /home/shaswat/repo/github/stremio-youtube-addon/.gems/gems/prism-1.9.0/include... -------------------- yes

LD_LIBRARY_PATH=.:/nix/store/kj9xkgqsiz5h24k2f947z3p6h3mcn2hc-ruby-3.3.10/lib:/etc/sane-libs:/nix/store/qnamc978gh40gj3zl1s4yyk2xlhkiskl-pipewire-1.4.9-jack/lib "gcc -o conftest -I/nix/store/kj9xkgqsiz5h24k2f947z3p6h3mcn2hc-ruby-3.3.10/include/ruby-3.3.0/x86_64-linux -I/nix/store/kj9xkgqsiz5h24k2f947z3p6h3mcn2hc-ruby-3.3.10/include/ruby-3.3.0/ruby/backward -I/nix/store/kj9xkgqsiz5h24k2f947z3p6h3mcn2hc-ruby-3.3.10/include/ruby-3.3.0 -I.    -O3 -fPIC conftest.c  -L. -L/nix/store/kj9xkgqsiz5h24k2f947z3p6h3mcn2hc-ruby-3.3.10/lib -Wl,-rpath,/nix/store/kj9xkgqsiz5h24k2f947z3p6h3mcn2hc-ruby-3.3.10/lib -L. -fstack-protector-strong -rdynamic -Wl,-export-dynamic -Wl,--no-as-needed     -Wl,-rpath,/nix/store/kj9xkgqsiz5h24k2f947z3p6h3mcn2hc-ruby-3.3.10/lib -L/nix/store/kj9xkgqsiz5h24k2f947z3p6h3mcn2hc-ruby-3.3.10/lib -lruby-3.3.10  -lm -lpthread  -lc"
checked program was:
/* begin */
1: #include "ruby.h"
2: 
3: int main(int argc, char **argv)
4: {
5:   return !!argv[argc];
6: }
/* end */

LD_LIBRARY_PATH=.:/nix/store/kj9xkgqsiz5h24k2f947z3p6h3mcn2hc-ruby-3.3.10/lib:/etc/sane-libs:/nix/store/qnamc978gh40gj3zl1s4yyk2xlhkiskl-pipewire-1.4.9-jack/lib "gcc -I/nix/store/kj9xkgqsiz5h24k2f947z3p6h3mcn2hc-ruby-3.3.10/include/ruby-3.3.0/x86_64-linux -I/nix/store/kj9xkgqsiz5h24k2f947z3p6h3mcn2hc-ruby-3.3.10/include/ruby-3.3.0/ruby/backward -I/nix/store/kj9xkgqsiz5h24k2f947z3p6h3mcn2hc-ruby-3.3.10/include/ruby-3.3.0 -I.    -O3 -fPIC   -c conftest.c"
conftest.c:3:10: fatal error: prism.h: No such file or directory
    3 | #include <prism.h>
      |          ^~~~~~~~~
compilation terminated.
checked program was:
/* begin */
1: #include "ruby.h"
2: 
3: #include <prism.h>
/* end */

LD_LIBRARY_PATH=.:/nix/store/kj9xkgqsiz5h24k2f947z3p6h3mcn2hc-ruby-3.3.10/lib:/etc/sane-libs:/nix/store/qnamc978gh40gj3zl1s4yyk2xlhkiskl-pipewire-1.4.9-jack/lib "gcc -I/nix/store/kj9xkgqsiz5h24k2f947z3p6h3mcn2hc-ruby-3.3.10/include/ruby-3.3.0/x86_64-linux -I/nix/store/kj9xkgqsiz5h24k2f947z3p6h3mcn2hc-ruby-3.3.10/include/ruby-3.3.0/ruby/backward -I/nix/store/kj9xkgqsiz5h24k2f947z3p6h3mcn2hc-ruby-3.3.10/include/ruby-3.3.0 -I.    -O3 -fPIC  -I/home/shaswat/repo/github/stremio-youtube-addon/.gems/gems/prism-1.9.0/include -c conftest.c"
checked program was:
/* begin */
1: #include "ruby.h"
2: 
3: #include <prism.h>
/* end */

--------------------

find_header: checking for prism/extension.h in /home/shaswat/repo/github/stremio-youtube-addon/.gems/gems/prism-1.9.0/ext... -------------------- yes

LD_LIBRARY_PATH=.:/nix/store/kj9xkgqsiz5h24k2f947z3p6h3mcn2hc-ruby-3.3.10/lib:/etc/sane-libs:/nix/store/qnamc978gh40gj3zl1s4yyk2xlhkiskl-pipewire-1.4.9-jack/lib "gcc -I/nix/store/kj9xkgqsiz5h24k2f947z3p6h3mcn2hc-ruby-3.3.10/include/ruby-3.3.0/x86_64-linux -I/nix/store/kj9xkgqsiz5h24k2f947z3p6h3mcn2hc-ruby-3.3.10/include/ruby-3.3.0/ruby/backward -I/nix/store/kj9xkgqsiz5h24k2f947z3p6h3mcn2hc-ruby-3.3.10/include/ruby-3.3.0 -I. -I/home/shaswat/repo/github/stremio-youtube-addon/.gems/gems/prism-1.9.0/include    -O3 -fPIC   -c conftest.c"
conftest.c:3:10: fatal error: prism/extension.h: No such file or directory
    3 | #include <prism/extension.h>
      |          ^~~~~~~~~~~~~~~~~~~
compilation terminated.
checked program was:
/* begin */
1: #include "ruby.h"
2: 
3: #include <prism/extension.h>
/* end */

LD_LIBRARY_PATH=.:/nix/store/kj9xkgqsiz5h24k2f947z3p6h3mcn2hc-ruby-3.3.10/lib:/etc/sane-libs:/nix/store/qnamc978gh40gj3zl1s4yyk2xlhkiskl-pipewire-1.4.9-jack/lib "gcc -I/nix/store/kj9xkgqsiz5h24k2f947z3p6h3mcn2hc-ruby-3.3.10/include/ruby-3.3.0/x86_64-linux -I/nix/store/kj9xkgqsiz5h24k2f947z3p6h3mcn2hc-ruby-3.3.10/include/ruby-3.3.0/ruby/backward -I/nix/store/kj9xkgqsiz5h24k2f947z3p6h3mcn2hc-ruby-3.3.10/include/ruby-3.3.0 -I. -I/home/shaswat/repo/github/stremio-youtube-addon/.gems/gems/prism-1.9.0/include    -O3 -fPIC  -I/home/shaswat/repo/github/stremio-youtube-addon/.gems/gems/prism-1.9.0/ext -c conftest.c"
checked program was:
/* begin */
1: #include "ruby.h"
2: 
3: #include <prism/extension.h>
/* end */

--------------------

append_cflags: checking for whether -fvisibility=hidden is accepted as CFLAGS... -------------------- yes

LD_LIBRARY_PATH=.:/nix/store/kj9xkgqsiz5h24k2f947z3p6h3mcn2hc-ruby-3.3.10/lib:/etc/sane-libs:/nix/store/qnamc978gh40gj3zl1s4yyk2xlhkiskl-pipewire-1.4.9-jack/lib "gcc -I/nix/store/kj9xkgqsiz5h24k2f947z3p6h3mcn2hc-ruby-3.3.10/include/ruby-3.3.0/x86_64-linux -I/nix/store/kj9xkgqsiz5h24k2f947z3p6h3mcn2hc-ruby-3.3.10/include/ruby-3.3.0/ruby/backward -I/nix/store/kj9xkgqsiz5h24k2f947z3p6h3mcn2hc-ruby-3.3.10/include/ruby-3.3.0 -I. -I/home/shaswat/repo/github/stremio-youtube-addon/.gems/gems/prism-1.9.0/include -I/home/shaswat/repo/github/stremio-youtube-addon/.gems/gems/prism-1.9.0/ext    -O3 -fPIC  -fvisibility=hidden -Werror -c conftest.c"
checked program was:
/* begin */
1: #include "ruby.h"
2: 
3: int main(int argc, char **argv)
4: {
5:   return !!argv[argc];
6: }
/* end */

--------------------

