have_func: checking for rb_ext_ractor_safe() in ruby.h... -------------------- yes

LD_LIBRARY_PATH=.:/nix/store/kj9xkgqsiz5h24k2f947z3p6h3mcn2hc-ruby-3.3.10/lib:/etc/sane-libs:/nix/store/qnamc978gh40gj3zl1s4yyk2xlhkiskl-pipewire-1.4.9-jack/lib "gcc -o conftest -I/nix/store/kj9xkgqsiz5h24k2f947z3p6h3mcn2hc-ruby-3.3.10/include/ruby-3.3.0/x86_64-linux -I/nix/store/kj9xkgqsiz5h24k2f947z3p6h3mcn2hc-ruby-3.3.10/include/ruby-3.3.0/ruby/backward -I/nix/store/kj9xkgqsiz5h24k2f947z3p6h3mcn2hc-ruby-3.3.10/include/ruby-3.3.0 -I.    -O3 -fPIC conftest.c  -L. -L/nix/store/kj9xkgqsiz5h24k2f947z3p6h3mcn2hc-ruby-3.3.10/lib -Wl,-rpath,/nix/store/kj9xkgqsiz5h24k2f947z3p6h3mcn2hc-ruby-3.3.10/lib -L. -fstack-protector-strong -rdynamic -Wl,-export-dynamic -Wl,--no-as-needed     -Wl,-rpath,/nix/store/kj9xkgqsiz5h24k2f947z3p6h3mcn2hc-ruby-3.3.10/lib -L/nix/store/kj9xkgqsiz5h24k2f947z3p6h3mcn2hc-ruby-3.3.10/lib -lruby-3.3.10  -lm -lpthread  -lc"
checked program was:
/* begin */
1: #include "ruby.h"
2: 
3: int main(int argc, char **argv)
4: {
5:   return !!argv[argc];
6: }
/* end */

LD_LIBRARY_PATH=.:/nix/store/kj9xkgqsiz5h24k2f947z3p6h3mcn2hc-ruby-3.3.10/lib:/etc/sane-libs:/nix/store/qnamc978gh40gj3zl1s4yyk2xlhkiskl-pipewire-1.4.9-jack/lib "gcc -o conftest -I/nix/store/kj9xkgqsiz5h24k2f947z3p6h3mcn2hc-ruby-3.3.10/include/ruby-3.3.0/x86_64-linux -I/nix/store/kj9xkgqsiz5h24k2f947z3p6h3mcn2hc-ruby-3.3.10/include/ruby-3.3.0/ruby/backward -I/nix/store/kj9xkgqsiz5h24k2f947z3p6h3mcn2hc-ruby-3.3.10/include/ruby-3.3.0 -I.    -O3 -fPIC conftest.c  -L. -L/nix/store/kj9xkgqsiz5h24k2f947z3p6h3mcn2hc-ruby-3.3.10/lib -Wl,-rpath,/nix/store/kj9xkgqsiz5h24k2f947z3p6h3mcn2hc-ruby-3.3.10/lib -L. -fstack-protector-strong -rdynamic -Wl,-export-dynamic -Wl,--no-as-needed     -Wl,-rpath,/nix/store/kj9xkgqsiz5h24k2f947z3p6h3mcn2hc-ruby-3.3.10/lib -L/nix/store/kj9xkgqsiz5h24k2f947z3p6h3mcn2hc-ruby-3.3.10/lib -lruby-3.3.10  -lm -lpthread  -lc"
checked program was:
/* begin */
 1: #include "ruby.h"
 2: 
 3: #include <ruby.h>
 4: 
 5: /*top*/
 6: extern int t(void);
 7: int main(int argc, char **argv)
 8: {
 9:   if (argc > 1000000) {
10:     int (* volatile tp)(void)=(int (*)(void))&t;
11:     printf("%d", (*tp)());
12:   }
13: 
14:   return !!argv[argc];
15: }
16: int t(void) { void ((*volatile p)()); p = (void ((*)()))rb_ext_ractor_safe; return !p; }
/* end */

--------------------

